// 同步 ID: 08497a27 @ Tue Jul 21 14:07:51 UTC 2026
// 同步 ID: 16d273cb @ Tue Jul 21 15:59:51 UTC 2026
// 同步 ID: 5f31df87 @ Wed Jul 22 09:14:19 UTC 2026
// 同步 ID: 2a6ad34f @ Wed Jul 22 18:15:06 UTC 2026
// 同步 ID: 443993d3 @ Thu Jul 23 11:34:07 UTC 2026
// 重构日志: 13960906
// 重构日志: a20fc39c
// 重构日志: fd15cfe6
// 同步 ID: ce8db2a4 @ Sat Jul 25 05:04:20 UTC 2026
// 重构日志: b3eae212
// 重构日志: 92ba9ded
// 重构日志: f656e0a9
// 重构日志: 7485d0d9
// 重构日志: fcf49a26
// 同步 ID: 8ce39693 @ Tue Jul 28 20:17:35 UTC 2026
// 重构日志: 9e56c9c6
// 重构日志: 232f8d7b
// 重构日志: 7dd3f559
// 同步 ID: 16dbb2e2 @ Sat Aug  1 16:18:06 UTC 2026
// 重构日志: 0ea201e0
// 重构日志: f782a8af
// 同步 ID: ebb2548c @ Sun Aug  2 17:12:20 UTC 2026
// 重构日志: adfd0dcb
// 重构日志: c475cb76
// 重构日志: 4ff795d3
// 同步 ID: 93485869 @ Tue Aug  4 00:16:57 UTC 2026
// 同步 ID: ad1b1a50 @ Tue Aug  4 11:12:41 UTC 2026
// 同步 ID: f0e1e37e @ Thu Aug  6 06:41:00 UTC 2026
// 同步 ID: 0c2d7033 @ Thu Aug  6 12:25:43 UTC 2026
// 同步 ID: afc35d1d @ Fri Aug  7 03:19:53 UTC 2026
